CAA	{FF:{AAT=[22, 29, 34, 55, 57, 68, 73, 79]}	FR:{}	RF:{}	RR:{ACA=[22, 29, 34, 55, 57, 68, 79]}	5':[], ~5':[]	kmer:	cov:8.0x}
CCA	{FF:{CAC=[8, 19, 26, 31, 42, 50, 69, 78, 86, 92], CAG=[2, 10, 14, 43, 54, 63, 75, 100]}	FR:{}	RF:{GGA=[2, 10, 14, 43, 49, 54, 63, 75]}	RR:{GCC=[19, 26, 31, 50, 69, 90, 92]}	5':[78-0_0,86-0_0], ~5':[]	kmer:	cov:20.0x}
CGA	{FF:{GAA=[13, 17, 32, 33, 38, 45, 47, 52, 59, 62, 71, 76, 77, 84, 91, 96, 98]}	FR:{ATC=[9, 18, 22, 28, 30, 34, 35, 44, 55, 57, 64, 68, 73, 74, 95]}	RF:{CGC=[32, 38, 39, 47, 52, 62, 71, 84, 91]}	RR:{ACG=[13, 17, 18, 33, 45, 59, 74, 77, 98], CCG=[3, 9, 18, 22, 28, 30, 33, 34, 35, 44, 51, 57, 64, 68, 73, 74, 95]}	5':[55-0_0,76-0_0], ~5':[3-0_0,51-0_0]	kmer:	cov:38.0x}
CTA	{FF:{TAA=[12, 16, 38, 39, 61, 71, 82, 88, 91, 93]}	FR:{CTA=[12, 24, 58, 61, 65, 99, 100]}	RF:{AGC=[12, 16, 24, 43, 58, 61, 65, 82, 85, 88, 93, 99, 100], AGG=[12, 24, 38, 39, 61, 88, 91]}	RR:{}	5':[100-0_0], ~5':[43-0_0,85-0_0]	kmer:	cov:28.0x}
CAC	{FF:{ACT=[1, 3, 4, 8, 20, 26, 27, 31, 41, 42, 50, 51, 67, 69, 78, 86]}	FR:{}	RF:{}	RR:{CCA=[8, 19, 26, 31, 42, 50, 69, 78, 86, 92], TCA=[1, 3, 4, 20, 27, 41, 51, 67]}	5':[], ~5':[92-0_0]	kmer:	cov:18.0x}
CCC	{FF:{CCG=[3, 20, 28, 35, 44, 51, 73, 95]}	FR:{AGG=[6, 32, 36, 53, 62, 76, 84, 87]}	RF:{GGA=[1, 3, 20, 28, 35, 44, 51, 67, 95]}	RR:{GCC=[6, 36, 53, 70, 76, 87]}	5':[32-0_0,73-0_0,84-0_0], ~5':[]	kmer:	cov:19.0x}
CGC	{FF:{}	FR:{AGC=[16, 32, 38, 39, 47, 52, 62, 71, 82, 84, 85, 91, 93]}	RF:{CGA=[32, 38, 39, 47, 52, 62, 71, 84, 91]}	RR:{CCG=[11, 16, 82, 85, 93]}	5':[], ~5':[11-0_0]	kmer:	cov:14.0x}
CTC	{FF:{TCA=[6, 25, 36, 46, 53, 66, 70, 80, 87]}	FR:{AGA=[10, 43, 54, 63, 65, 99, 100], GGA=[1, 3, 4, 20, 35, 44, 51, 67]}	RF:{AGC=[6, 10, 25, 36, 43, 46, 53, 54, 58, 63, 65, 66, 70, 76, 80, 87, 99, 100]}	RR:{ACT=[1, 3, 4, 20, 27, 35, 41, 44, 51, 67]}	5':[], ~5':[27-0_0,41-0_0,58-0_0]	kmer:	cov:28.0x}
CAG	{FF:{AGA=[2, 8, 10, 14, 25, 42, 43, 46, 54, 63, 65, 66, 70, 78, 80, 86, 100], AGC=[19, 26, 31, 50, 60, 69, 72, 90, 92]}	FR:{}	RF:{}	RR:{CCA=[2, 10, 14, 43, 54, 63, 75, 100], TCA=[6, 8, 19, 25, 26, 31, 42, 46, 50, 60, 66, 69, 70, 72, 78, 80, 86, 90, 92]}	5':[65-0_0], ~5':[60-0_0,72-0_0]	kmer:	cov:30.0x}
CCG	{FF:{CGA=[3, 9, 18, 22, 28, 30, 33, 34, 35, 44, 51, 57, 64, 68, 73, 74, 95], CGC=[11, 16, 82, 85, 93]}	FR:{CCG=[5, 7, 15, 21, 23, 37, 40, 48, 96]}	RF:{GGA=[9, 11, 16, 18, 30, 33, 45, 56, 64, 74, 77, 82, 85]}	RR:{ACC=[5, 7, 15, 21, 23, 37, 40, 48, 56], CCC=[3, 20, 28, 35, 44, 51, 73, 95], GCC=[5, 7, 15, 21, 23, 40, 48, 96]}	5':[68-0_0,93-0_0,96-0_0], ~5':[20-0_0,56-0_0]	kmer:	cov:45.0x}
GAA	{FF:{AAA=[1, 2, 4, 9, 14, 27, 30, 41, 49, 54, 64, 67, 75, 81, 83, 94, 97], AAG=[8, 25, 32, 36, 42, 46, 47, 52, 53, 62, 66, 71, 76, 78, 80, 84, 86, 87], AAT=[13, 15, 17, 23, 33, 45, 48, 59, 77, 96, 98]}	FR:{}	RF:{TCA=[1, 4, 20, 27, 30, 41, 64, 67]}	RR:{AGA=[8, 25, 42, 46, 66, 70, 78, 80, 86], CGA=[13, 17, 32, 33, 38, 45, 47, 52, 59, 62, 71, 76, 77, 84, 91, 96, 98], GGA=[2, 10, 14, 49, 54, 63, 75, 81, 94, 97]}	5':[36-0_0,53-0_0], ~5':[38-0_0,63-0_0,70-0_0,91-0_0]	kmer:	cov:52.0x}
GCA	{FF:{}	FR:{ATG=[5, 13, 15, 17, 21, 23, 48, 59, 96, 98]}	RF:{GCC=[5, 15, 21, 23, 48, 59, 96]}	RR:{}	5':[13-0_0,98-0_0], ~5':[]	kmer:	cov:10.0x}
GGA	{FF:{GAA=[2, 10, 14, 49, 54, 63, 75, 81, 94, 97], GAC=[9, 13, 17, 18, 33, 45, 74, 77, 98]}	FR:{ATC=[11, 16, 37, 56, 82, 85], CTC=[1, 3, 4, 20, 35, 44, 51, 67]}	RF:{CCA=[2, 10, 14, 43, 49, 54, 63, 75], CCC=[1, 3, 20, 28, 35, 44, 51, 67, 95], CCG=[9, 11, 16, 18, 30, 33, 45, 56, 64, 74, 77, 82, 85]}	RR:{}	5':[4-0_0,17-0_0,37-0_0,81-0_0], ~5':[28-0_0,30-0_0,64-0_0]	kmer:	cov:38.0x}
GTA	{FF:{TAA=[7, 11, 37, 40, 56]}	FR:{}	RF:{ACC=[5, 7, 11, 21, 37, 40, 56]}	RR:{}	5':[], ~5':[5-0_0]	kmer:	cov:7.0x}
GAC	{FF:{ACA=[29, 55, 79, 89], ACG=[13, 17, 18, 33, 45, 59, 74, 77, 98]}	FR:{}	RF:{}	RR:{AGA=[29, 79, 89], GGA=[9, 13, 17, 18, 33, 45, 74, 77, 98]}	5':[59-0_0], ~5':[9-0_0]	kmer:	cov:14.0x}
GCC	{FF:{CCA=[19, 26, 31, 50, 69, 90, 92], CCC=[6, 36, 53, 70, 76, 87], CCG=[5, 7, 15, 21, 23, 40, 48, 96]}	FR:{AGG=[12, 24, 39, 58, 61, 88]}	RF:{GCA=[5, 15, 21, 23, 48, 59, 96]}	RR:{AGC=[6, 12, 19, 24, 25, 26, 31, 36, 46, 50, 53, 58, 60, 61, 69, 70, 72, 76, 80, 87, 88, 90, 92, 99]}	5':[39-0_0,40-0_0], ~5':[]	kmer:	cov:34.0x}
TAA	{FF:{AAA=[49, 81, 83, 89, 93, 94, 97], AAG=[38, 39, 47, 52, 71, 88, 91], AAT=[7, 11, 37, 40, 56, 85]}	FR:{}	RF:{}	RR:{ATA=[49, 75, 81, 83, 89, 94, 97], CTA=[12, 16, 38, 39, 61, 71, 82, 88, 91, 93], GTA=[7, 11, 37, 40, 56]}	5':[47-0_0], ~5':[12-0_0,75-0_0]	kmer:	cov:25.0x}
TCA	{FF:{CAC=[1, 3, 4, 20, 27, 41, 51, 67], CAG=[6, 8, 19, 25, 26, 31, 42, 46, 50, 60, 66, 69, 70, 72, 78, 80, 86, 90, 92]}	FR:{}	RF:{GAA=[1, 4, 20, 27, 30, 41, 64, 67]}	RR:{ATC=[19, 26, 60, 72, 90, 92], CTC=[6, 25, 36, 46, 53, 66, 70, 80, 87]}	5':[8-0_0,31-0_0,42-0_0,69-0_0], ~5':[87-0_0,90-0_0]	kmer:	cov:35.0x}
AAA	{FF:{AAA=[93], AAG=[81, 83, 89, 93, 94, 97], AAT=[2, 4, 9, 14, 27, 30, 41, 49, 64, 75, 81, 83, 94, 97]}	FR:{}	RF:{}	RR:{AAA=[93], GAA=[1, 2, 4, 9, 14, 27, 30, 41, 49, 54, 64, 67, 75, 81, 83, 94, 97], TAA=[49, 81, 83, 89, 93, 94, 97]}	5':[], ~5':[1-0_0,49-0_0,54-0_0,67-0_0]	kmer:	cov:25.0x}
ACA	{FF:{CAA=[22, 29, 34, 55, 57, 68, 79]}	FR:{}	RF:{}	RR:{GAC=[29, 55, 79, 89]}	5':[22-0_0,34-0_0,57-0_0], ~5':[]	kmer:	cov:8.0x}
AGA	{FF:{GAA=[8, 25, 42, 46, 66, 70, 78, 80, 86], GAC=[29, 79, 89]}	FR:{CTC=[10, 43, 54, 63, 65, 99, 100]}	RF:{}	RR:{AAG=[79, 83, 89], CAG=[2, 8, 10, 14, 25, 42, 43, 46, 54, 63, 65, 66, 70, 78, 80, 86, 100]}	5':[29-0_0,99-0_0], ~5':[14-0_0,83-0_0]	kmer:	cov:22.0x}
ATA	{FF:{TAA=[49, 75, 81, 83, 89, 94, 97]}	FR:{ATA=[22, 28, 29, 34, 55, 57, 68, 73, 79, 95]}	RF:{ATC=[22, 28, 29, 34, 35, 44, 55, 57, 68, 73, 95]}	RR:{AAT=[2, 14, 22, 28, 29, 34, 49, 55, 57, 68, 73, 75, 79, 81, 83, 89, 94, 95, 97]}	5':[79-0_0], ~5':[2-0_0,35-0_0,44-0_0]	kmer:	cov:31.0x}
ACC	{FF:{CCG=[5, 7, 15, 21, 23, 37, 40, 48, 56]}	FR:{}	RF:{GTA=[5, 7, 11, 21, 37, 40, 56]}	RR:{}	5':[15-0_0,23-0_0,48-0_0], ~5':[]	kmer:	cov:10.0x}
AGC	{FF:{GCC=[6, 12, 19, 24, 25, 26, 31, 36, 46, 50, 53, 58, 60, 61, 69, 70, 72, 76, 80, 87, 88, 90, 92, 99]}	FR:{AGC=[10, 24, 43, 58, 63, 65, 99, 100], CGC=[16, 32, 38, 39, 47, 52, 62, 71, 82, 84, 85, 91, 93]}	RF:{CTA=[12, 16, 24, 43, 58, 61, 65, 82, 85, 88, 93, 99, 100], CTC=[6, 10, 25, 36, 43, 46, 53, 54, 58, 63, 65, 66, 70, 76, 80, 87, 99, 100]}	RR:{AAG=[32, 38, 39, 47, 52, 62, 71, 84, 88, 91], CAG=[19, 26, 31, 50, 60, 69, 72, 90, 92]}	5':[10-0_0,24-0_0], ~5':[61-0_0,66-0_0,88-0_0]	kmer:	cov:59.0x}
ATC	{FF:{TCA=[19, 26, 60, 72, 90, 92]}	FR:{CGA=[9, 18, 22, 28, 30, 34, 35, 44, 55, 57, 64, 68, 73, 74, 95], GGA=[11, 16, 37, 56, 82, 85]}	RF:{ATA=[22, 28, 29, 34, 35, 44, 55, 57, 68, 73, 95], ATC=[19, 60, 72, 90, 92]}	RR:{AAT=[7, 9, 11, 16, 18, 27, 30, 37, 40, 41, 56, 64, 74, 82, 85]}	5':[], ~5':[7-0_0,19-0_0]	kmer:	cov:37.0x}
AAG	{FF:{AGA=[79, 83, 89], AGC=[32, 38, 39, 47, 52, 62, 71, 84, 88, 91], AGG=[6, 32, 36, 47, 52, 53, 62, 76, 84, 87]}	FR:{ACT=[8, 31, 42, 50, 66, 69, 78, 86]}	RF:{}	RR:{AAA=[81, 83, 89, 93, 94, 97], GAA=[8, 25, 32, 36, 42, 46, 47, 52, 53, 62, 66, 71, 76, 78, 80, 84, 86, 87], TAA=[38, 39, 47, 52, 71, 88, 91]}	5':[6-0_0,50-0_0,62-0_0], ~5':[25-0_0,46-0_0,71-0_0,80-0_0,94-0_0,97-0_0]	kmer:	cov:39.0x}
ACG	{FF:{CGA=[13, 17, 18, 33, 45, 59, 74, 77, 98]}	FR:{}	RF:{}	RR:{GAC=[13, 17, 18, 33, 45, 59, 74, 77, 98]}	5':[], ~5':[]	kmer:	cov:9.0x}
AGG	{FF:{}	FR:{CCC=[6, 32, 36, 53, 62, 76, 84, 87], GCC=[12, 24, 39, 58, 61, 88]}	RF:{CTA=[12, 24, 38, 39, 61, 88, 91]}	RR:{AAG=[6, 32, 36, 47, 52, 53, 62, 76, 84, 87]}	5':[], ~5':[52-0_0]	kmer:	cov:18.0x}
ATG	{FF:{}	FR:{GCA=[5, 13, 15, 17, 21, 23, 48, 59, 96, 98]}	RF:{}	RR:{AAT=[5, 13, 15, 17, 21, 23, 45, 48, 59, 77, 96, 98]}	5':[], ~5':[45-0_0,77-0_0]	kmer:	cov:12.0x}
AAT	{FF:{ATA=[2, 14, 22, 28, 29, 34, 49, 55, 57, 68, 73, 75, 79, 81, 83, 89, 94, 95, 97], ATC=[7, 9, 11, 16, 18, 27, 30, 37, 40, 41, 56, 64, 74, 82, 85], ATG=[5, 13, 15, 17, 21, 23, 45, 48, 59, 77, 96, 98]}	FR:{}	RF:{}	RR:{AAA=[2, 4, 9, 14, 27, 30, 41, 49, 64, 75, 81, 83, 94, 97], CAA=[22, 29, 34, 55, 57, 68, 73, 79], GAA=[13, 15, 17, 23, 33, 45, 48, 59, 77, 96, 98], TAA=[7, 11, 37, 40, 56, 85]}	5':[16-0_0,18-0_0,21-0_0,74-0_0,82-0_0,89-0_0,95-0_0], ~5':[33-0_0]	kmer:	cov:48.0x}
ACT	{FF:{CTC=[1, 3, 4, 20, 27, 35, 41, 44, 51, 67]}	FR:{AAG=[8, 31, 42, 50, 66, 69, 78, 86]}	RF:{}	RR:{CAC=[1, 3, 4, 8, 20, 26, 27, 31, 41, 42, 50, 51, 67, 69, 78, 86]}	5':[], ~5':[26-0_0]	kmer:	cov:19.0x}
