CCA	{FF:{}	FR:{}	RF:{}	RR:{GCC=[1]}	5':[], ~5':[]	kmer:	cov:1.0x}
CGC	{FF:{GCC=[2]}	FR:{}	RF:{}	RR:{}	5':[2-0_0], ~5':[]	kmer:	cov:1.0x}
CCG	{FF:{}	FR:{CCG=[3]}	RF:{}	RR:{GCC=[3]}	5':[], ~5':[]	kmer:	cov:2.0x}
GCC	{FF:{CCA=[1], CCG=[3]}	FR:{AGG=[2]}	RF:{}	RR:{AGC=[1], CGC=[2]}	5':[3-0_0], ~5':[]	kmer:	cov:3.0x}
AGC	{FF:{GCC=[1]}	FR:{}	RF:{}	RR:{}	5':[1-0_0], ~5':[]	kmer:	cov:1.0x}
AGG	{FF:{}	FR:{GCC=[2]}	RF:{}	RR:{}	5':[], ~5':[]	kmer:	cov:1.0x}
