CAA	{FF:{AAC=[4, 5, 6], AAT=[19, 20]}	FR:null	RF:null	RR:{GCA=[5, 6], TCA=[18, 19, 20]}	5':null, ~5':null	kmer:null	cov:6.0x}
CCA	{FF:{CAC=[37], CAG=[11, 12, 13]}	FR:null	RF:null	RR:{GCC=[11, 12]}	5':[37-0_0], ~5':null	kmer:null	cov:4.0x}
CGA	{FF:null	FR:{CTC=[2]}	RF:{CGC=[1, 2, 33, 35]}	RR:null	5':null, ~5':[33-0_0,35-0_0]	kmer:null	cov:4.0x}
CTA	{FF:null	FR:{ATA=[25, 26], CTA=[3]}	RF:{AGC=[3], AGG=[3]}	RR:{ACT=[1, 24, 25, 26]}	5':null, ~5':[1-0_0]	kmer:null	cov:6.0x}
CAC	{FF:{ACA=[37], ACG=[21, 22, 23, 36, 37], ACT=[1]}	FR:null	RF:null	RR:{ACA=[36, 37], CCA=[37], GCA=[1, 2], TCA=[22, 23]}	5':null, ~5':null	kmer:null	cov:8.0x}
CCC	{FF:null	FR:{AGG=[3, 4]}	RF:null	RR:{ACC=[3, 4, 5]}	5':null, ~5':null	kmer:null	cov:3.0x}
CGC	{FF:{GCA=[1, 2]}	FR:{AGC=[32, 33, 35, 36]}	RF:{CGA=[1, 2, 33, 35]}	RR:{ACG=[31, 32, 36, 37]}	5':null, ~5':[31-0_0]	kmer:null	cov:8.0x}
CTC	{FF:null	FR:{AGA=[12, 13, 14], CGA=[2]}	RF:{AGA=[13, 14], AGG=[2, 4]}	RR:null	5':[12-0_0], ~5':[4-0_0]	kmer:null	cov:5.0x}
CAG	{FF:{AGA=[9, 10, 11, 12, 13], AGC=[6, 7]}	FR:null	RF:null	RR:{CCA=[11, 12, 13], GCA=[10, 11], TCA=[6, 7, 8]}	5':[9-0_0], ~5':[8-0_0,11-0_0]	kmer:null	cov:9.0x}
CCG	{FF:null	FR:{ACG=[16, 17]}	RF:null	RR:{GCC=[15, 16, 17]}	5':null, ~5':[15-0_0]	kmer:null	cov:3.0x}
GAA	{FF:{AAA=[7, 8, 9, 17, 18, 19, 23, 24]}	FR:null	RF:{TCA=[7, 8, 18, 19, 22, 23, 24]}	RR:null	5':[17-0_0], ~5':null	kmer:null	cov:9.0x}
GCA	{FF:{CAA=[5, 6], CAC=[1, 2], CAG=[10, 11]}	FR:{ATG=[14, 15, 16]}	RF:{GCC=[10, 11, 12, 15, 16]}	RR:{AGC=[5, 6, 7], CGC=[1, 2]}	5':[14-0_0], ~5':null	kmer:null	cov:11.0x}
GTA	{FF:{TAA=[26, 27, 28]}	FR:{ATA=[20, 21]}	RF:{ACG=[20, 21, 22, 27, 28]}	RR:null	5':[26-0_0], ~5':[22-0_0]	kmer:null	cov:6.0x}
GAC	{FF:{ACG=[28, 29, 31, 32]}	FR:null	RF:{TCA=[28, 29, 30, 31, 32]}	RR:null	5':null, ~5':[30-0_0]	kmer:null	cov:6.0x}
GCC	{FF:{CCA=[11, 12], CCG=[15, 16, 17]}	FR:null	RF:{GCA=[10, 11, 12, 15, 16]}	RR:null	5':null, ~5':[10-0_0]	kmer:null	cov:6.0x}
TAA	{FF:{AAG=[33, 34, 35], AAT=[26, 27]}	FR:null	RF:{TAA=[33, 34, 35]}	RR:{GTA=[26, 27, 28]}	5':null, ~5':[28-0_0]	kmer:null	cov:9.0x}
TCA	{FF:{CAA=[18, 19, 20], CAC=[22, 23], CAG=[6, 7, 8]}	FR:{ATG=[29, 30, 31]}	RF:{GAA=[7, 8, 18, 19, 22, 23, 24], GAC=[28, 29, 30, 31, 32]}	RR:null	5':[20-0_0], ~5':[24-0_0]	kmer:null	cov:15.0x}
AAA	{FF:{AAC=[17, 18, 23, 24, 25], AAT=[8, 9]}	FR:null	RF:null	RR:{GAA=[7, 8, 9, 17, 18, 19, 23, 24]}	5':[25-0_0], ~5':[7-0_0]	kmer:null	cov:9.0x}
ACA	{FF:{CAC=[36, 37]}	FR:null	RF:null	RR:{CAC=[37]}	5':null, ~5':null	kmer:null	cov:2.0x}
AGA	{FF:null	FR:{ATC=[9, 10, 13, 14, 15], CTC=[12, 13, 14]}	RF:{CTC=[13, 14]}	RR:{CAG=[9, 10, 11, 12, 13]}	5':null, ~5':null	kmer:null	cov:9.0x}
ATA	{FF:null	FR:{CTA=[25, 26], GTA=[20, 21]}	RF:null	RR:{AAT=[19, 20, 21, 25, 26, 27]}	5':null, ~5':[19-0_0,27-0_0]	kmer:null	cov:6.0x}
AAC	{FF:{ACC=[4, 5], ACG=[16, 17, 18], ACT=[24, 25]}	FR:null	RF:null	RR:{AAA=[17, 18, 23, 24, 25], CAA=[4, 5, 6]}	5':[16-0_0], ~5':[6-0_0,23-0_0]	kmer:null	cov:9.0x}
ACC	{FF:{CCC=[3, 4, 5]}	FR:null	RF:null	RR:{AAC=[4, 5]}	5':null, ~5':null	kmer:null	cov:3.0x}
AGC	{FF:{GCA=[5, 6, 7]}	FR:{CGC=[32, 33, 35, 36]}	RF:{CTA=[3]}	RR:{AAG=[32, 33, 34, 35, 36], CAG=[6, 7]}	5':[5-0_0], ~5':[3-0_0,34-0_0]	kmer:null	cov:10.0x}
ATC	{FF:null	FR:{AGA=[9, 10, 13, 14, 15]}	RF:{ATG=[14, 15]}	RR:{AAT=[8, 9, 10]}	5':[13-0_0], ~5':null	kmer:null	cov:6.0x}
AAG	{FF:{AGC=[32, 33, 34, 35, 36]}	FR:null	RF:null	RR:{TAA=[33, 34, 35]}	5':[32-0_0,36-0_0], ~5':null	kmer:null	cov:6.0x}
ACG	{FF:{CGC=[31, 32, 36, 37]}	FR:{ACG=[21, 22, 27, 28, 29], CCG=[16, 17]}	RF:{GTA=[20, 21, 22, 27, 28]}	RR:{AAC=[16, 17, 18], CAC=[21, 22, 23, 36, 37], GAC=[28, 29, 31, 32]}	5':null, ~5':[18-0_0]	kmer:null	cov:19.0x}
AGG	{FF:null	FR:{CCC=[3, 4]}	RF:{CTA=[3], CTC=[2, 4]}	RR:null	5':null, ~5':[2-0_0]	kmer:null	cov:3.0x}
ATG	{FF:null	FR:{GCA=[14, 15, 16], TCA=[29, 30, 31]}	RF:{ATC=[14, 15], ATG=[29, 30, 31]}	RR:null	5':null, ~5':[29-0_0]	kmer:null	cov:9.0x}
AAT	{FF:{ATA=[19, 20, 21, 25, 26, 27], ATC=[8, 9, 10]}	FR:null	RF:null	RR:{AAA=[8, 9], CAA=[19, 20], TAA=[26, 27]}	5':[21-0_0], ~5':null	kmer:null	cov:9.0x}
ACT	{FF:{CTA=[1, 24, 25, 26]}	FR:null	RF:null	RR:{AAC=[24, 25], CAC=[1]}	5':null, ~5':null	kmer:null	cov:4.0x}
