CAA	{FF:[AAT]	FR:null	RF:null	RR:[ACA]	5':null, ~5':null	kmer:null	cov:8.0x}
CCA	{FF:[CAC,CAG]	FR:null	RF:[GGA]	RR:[GCC]	5':[78-0_0 readSeq: CCACTTCTGA mateReadSeq: null,86-0_0 readSeq: CCACTTCTGA mateReadSeq: null], ~5':null	kmer:null	cov:20.0x}
CGA	{FF:[GAA]	FR:[ATC]	RF:[CGC]	RR:[CCG,ACG]	5':[55-0_0 readSeq: CGATATTGTC mateReadSeq: null,76-0_0 readSeq: CGAAGGGCTC mateReadSeq: null], ~5':[3-0_0 readSeq: TCGGGAGTGA mateReadSeq: null,51-0_0 readSeq: TCGGGAGTGA mateReadSeq: null]	kmer:null	cov:38.0x}
CTA	{FF:[TAA]	FR:[CTA]	RF:[AGG,AGC]	RR:null	5':[100-0_0 readSeq: CTAGCTCTGG mateReadSeq: null], ~5':[43-0_0 readSeq: TAGCTCTGGA mateReadSeq: null,85-0_0 readSeq: TAGCGGATTA mateReadSeq: null]	kmer:null	cov:28.0x}
CAC	{FF:[ACT]	FR:null	RF:null	RR:[TCA,CCA]	5':null, ~5':[92-0_0 readSeq: GTGGCTGATC mateReadSeq: null]	kmer:null	cov:18.0x}
CCC	{FF:[CCG]	FR:[AGG]	RF:[GGA]	RR:[GCC]	5':[32-0_0 readSeq: CCCTTCGCTT mateReadSeq: null,73-0_0 readSeq: CCCGATATTG mateReadSeq: null,84-0_0 readSeq: CCCTTCGCTT mateReadSeq: null], ~5':null	kmer:null	cov:19.0x}
CGC	{FF:null	FR:[AGC]	RF:[CGA]	RR:[CCG]	5':null, ~5':[11-0_0 readSeq: GCGGATTACC mateReadSeq: null]	kmer:null	cov:14.0x}
CTC	{FF:[TCA]	FR:[GGA,AGA]	RF:[AGC]	RR:[ACT]	5':null, ~5':[27-0_0 readSeq: GAGTGAAATC mateReadSeq: null,41-0_0 readSeq: GAGTGAAATC mateReadSeq: null,58-0_0 readSeq: GAGCTAGCCT mateReadSeq: null]	kmer:null	cov:28.0x}
CAG	{FF:[AGC,AGA]	FR:null	RF:null	RR:[TCA,CCA]	5':[65-0_0 readSeq: CAGAGCTAGC mateReadSeq: null], ~5':[60-0_0 readSeq: CTGATCAGCC mateReadSeq: null,72-0_0 readSeq: CTGATCAGCC mateReadSeq: null]	kmer:null	cov:30.0x}
CCG	{FF:[CGA,CGC]	FR:[CCG]	RF:[GGA]	RR:[GCC,ACC,CCC]	5':[68-0_0 readSeq: CCGATATTGT mateReadSeq: null,93-0_0 readSeq: CCGCTAAAAG mateReadSeq: null,96-0_0 readSeq: CCGGCATTCG mateReadSeq: null], ~5':[20-0_0 readSeq: CGGGAGTGAA mateReadSeq: null,56-0_0 readSeq: CGGTAATCCG mateReadSeq: null]	kmer:null	cov:45.0x}
GAA	{FF:[AAT,AAG,AAA]	FR:null	RF:[TCA]	RR:[GGA,CGA,AGA]	5':[36-0_0 readSeq: GAAGGGCTCA mateReadSeq: null,53-0_0 readSeq: GAAGGGCTCA mateReadSeq: null], ~5':[38-0_0 readSeq: TTCGCTTAGG mateReadSeq: null,63-0_0 readSeq: TTCCAGAGCT mateReadSeq: null,70-0_0 readSeq: TTCTGAGCCC mateReadSeq: null,91-0_0 readSeq: TTCGCTTAGG mateReadSeq: null]	kmer:null	cov:52.0x}
GCA	{FF:null	FR:[ATG]	RF:[GCC]	RR:null	5':[13-0_0 readSeq: GCATTCGTCC mateReadSeq: null,98-0_0 readSeq: GCATTCGTCC mateReadSeq: null], ~5':null	kmer:null	cov:10.0x}
GGA	{FF:[GAA,GAC]	FR:[ATC,CTC]	RF:[CCG,CCA,CCC]	RR:null	5':[4-0_0 readSeq: GGAGTGAAAT mateReadSeq: null,17-0_0 readSeq: GGACGAATGC mateReadSeq: null,37-0_0 readSeq: GGATTACCGG mateReadSeq: null,81-0_0 readSeq: GGAAATAAAG mateReadSeq: null], ~5':[28-0_0 readSeq: TCCCGATATT mateReadSeq: null,30-0_0 readSeq: TCCGATTTCA mateReadSeq: null,64-0_0 readSeq: TCCGATTTCA mateReadSeq: null]	kmer:null	cov:38.0x}
GTA	{FF:[TAA]	FR:null	RF:[ACC]	RR:null	5':null, ~5':[5-0_0 readSeq: TACCGGCATT mateReadSeq: null]	kmer:null	cov:7.0x}
GAC	{FF:[ACG,ACA]	FR:null	RF:null	RR:[GGA,AGA]	5':[59-0_0 readSeq: GACGAATGCC mateReadSeq: null], ~5':[9-0_0 readSeq: GTCCGATTTC mateReadSeq: null]	kmer:null	cov:14.0x}
GCC	{FF:[CCG,CCA,CCC]	FR:[AGG]	RF:[GCA]	RR:[AGC]	5':[39-0_0 readSeq: GCCTAAGCGA mateReadSeq: null,40-0_0 readSeq: GCCGGTAATC mateReadSeq: null], ~5':null	kmer:null	cov:34.0x}
TAA	{FF:[AAT,AAG,AAA]	FR:null	RF:null	RR:[GTA,CTA,ATA]	5':[47-0_0 readSeq: TAAGCGAAGG mateReadSeq: null], ~5':[12-0_0 readSeq: TTAGGCTAGC mateReadSeq: null,75-0_0 readSeq: TTATTTCCAG mateReadSeq: null]	kmer:null	cov:25.0x}
TCA	{FF:[CAC,CAG]	FR:null	RF:[GAA]	RR:[ATC,CTC]	5':[8-0_0 readSeq: TCAGAAGTGG mateReadSeq: null,31-0_0 readSeq: TCAGCCACTT mateReadSeq: null,42-0_0 readSeq: TCAGAAGTGG mateReadSeq: null,69-0_0 readSeq: TCAGCCACTT mateReadSeq: null], ~5':[87-0_0 readSeq: TGAGCCCTTC mateReadSeq: null,90-0_0 readSeq: TGATCAGCCA mateReadSeq: null]	kmer:null	cov:35.0x}
AAA	{FF:[AAT,AAG,AAA]	FR:null	RF:null	RR:[TAA,GAA,AAA]	5':null, ~5':[1-0_0 readSeq: TTTCACTCCC mateReadSeq: null,49-0_0 readSeq: TTTATTTCCA mateReadSeq: null,54-0_0 readSeq: TTTCCAGAGC mateReadSeq: null,67-0_0 readSeq: TTTCACTCCC mateReadSeq: null]	kmer:null	cov:25.0x}
ACA	{FF:[CAA]	FR:null	RF:null	RR:[GAC]	5':[22-0_0 readSeq: ACAATATCGG mateReadSeq: null,34-0_0 readSeq: ACAATATCGG mateReadSeq: null,57-0_0 readSeq: ACAATATCGG mateReadSeq: null], ~5':null	kmer:null	cov:8.0x}
AGA	{FF:[GAC,GAA]	FR:[CTC]	RF:null	RR:[AAG,CAG]	5':[29-0_0 readSeq: AGACAATATC mateReadSeq: null,99-0_0 readSeq: AGAGCTAGCC mateReadSeq: null], ~5':[14-0_0 readSeq: TCTGGAAATA mateReadSeq: null,83-0_0 readSeq: TCTTTATTTC mateReadSeq: null]	kmer:null	cov:22.0x}
ATA	{FF:[TAA]	FR:[ATA]	RF:[ATC]	RR:[AAT]	5':[79-0_0 readSeq: ATATTGTCTT mateReadSeq: null], ~5':[2-0_0 readSeq: TATTTCCAGA mateReadSeq: null,35-0_0 readSeq: TATCGGGAGT mateReadSeq: null,44-0_0 readSeq: TATCGGGAGT mateReadSeq: null]	kmer:null	cov:31.0x}
ACC	{FF:[CCG]	FR:null	RF:[GTA]	RR:null	5':[15-0_0 readSeq: ACCGGCATTC mateReadSeq: null,23-0_0 readSeq: ACCGGCATTC mateReadSeq: null,48-0_0 readSeq: ACCGGCATTC mateReadSeq: null], ~5':null	kmer:null	cov:10.0x}
AGC	{FF:[GCC]	FR:[AGC,CGC]	RF:[CTA,CTC]	RR:[AAG,CAG]	5':[10-0_0 readSeq: AGCTCTGGAA mateReadSeq: null,24-0_0 readSeq: AGCTAGCCTA mateReadSeq: null], ~5':[61-0_0 readSeq: GCTAGCCTAA mateReadSeq: null,66-0_0 readSeq: GCTCAGAAGT mateReadSeq: null,88-0_0 readSeq: GCTTAGGCTA mateReadSeq: null]	kmer:null	cov:59.0x}
ATC	{FF:[TCA]	FR:[GGA,CGA]	RF:[ATC,ATA]	RR:[AAT]	5':null, ~5':[7-0_0 readSeq: GATTACCGGC mateReadSeq: null,19-0_0 readSeq: GATCAGCCAC mateReadSeq: null]	kmer:null	cov:37.0x}
AAG	{FF:[AGG,AGC,AGA]	FR:[ACT]	RF:null	RR:[TAA,GAA,AAA]	5':[6-0_0 readSeq: AAGGGCTCAG mateReadSeq: null,50-0_0 readSeq: AAGTGGCTGA mateReadSeq: null,62-0_0 readSeq: AAGCGAAGGG mateReadSeq: null], ~5':[25-0_0 readSeq: CTTCTGAGCC mateReadSeq: null,46-0_0 readSeq: CTTCTGAGCC mateReadSeq: null,71-0_0 readSeq: CTTCGCTTAG mateReadSeq: null,80-0_0 readSeq: CTTCTGAGCC mateReadSeq: null,94-0_0 readSeq: CTTTATTTCC mateReadSeq: null,97-0_0 readSeq: CTTTATTTCC mateReadSeq: null]	kmer:null	cov:39.0x}
ACG	{FF:[CGA]	FR:null	RF:null	RR:[GAC]	5':null, ~5':null	kmer:null	cov:9.0x}
AGG	{FF:null	FR:[GCC,CCC]	RF:[CTA]	RR:[AAG]	5':null, ~5':[52-0_0 readSeq: CCTTCGCTTA mateReadSeq: null]	kmer:null	cov:18.0x}
ATG	{FF:null	FR:[GCA]	RF:null	RR:[AAT]	5':null, ~5':[45-0_0 readSeq: CATTCGTCCG mateReadSeq: null,77-0_0 readSeq: CATTCGTCCG mateReadSeq: null]	kmer:null	cov:12.0x}
AAT	{FF:[ATG,ATC,ATA]	FR:null	RF:null	RR:[TAA,GAA,CAA,AAA]	5':[16-0_0 readSeq: AATCCGCTAA mateReadSeq: null,18-0_0 readSeq: AATCGGACGA mateReadSeq: null,21-0_0 readSeq: AATGCCGGTA mateReadSeq: null,74-0_0 readSeq: AATCGGACGA mateReadSeq: null,82-0_0 readSeq: AATCCGCTAA mateReadSeq: null,89-0_0 readSeq: AATAAAGACA mateReadSeq: null,95-0_0 readSeq: AATATCGGGA mateReadSeq: null], ~5':[33-0_0 readSeq: ATTCGTCCGA mateReadSeq: null]	kmer:null	cov:48.0x}
ACT	{FF:[CTC]	FR:[AAG]	RF:null	RR:[CAC]	5':null, ~5':[26-0_0 readSeq: AGTGGCTGAT mateReadSeq: null]	kmer:null	cov:19.0x}
