CGA	{FF:null	FR:{ATC=[1]}	RF:{CGC=[1]}	RR:null	5':null, ~5':null	kmer:null	cov:1.0x}
CGC	{FF:{GCA=[1]}	FR:{CGC=[1]}	RF:{CGA=[1], CGC=[1]}	RR:null	5':null, ~5':null	kmer:null	cov:3.0x}
GCA	{FF:null	FR:{ATG=[1]}	RF:null	RR:{CGC=[1]}	5':null, ~5':null	kmer:null	cov:1.0x}
ATC	{FF:null	FR:{CGA=[1]}	RF:null	RR:null	5':[1-0_0], ~5':null	kmer:null	cov:1.0x}
ATG	{FF:null	FR:{GCA=[1]}	RF:null	RR:null	5':null, ~5':null	kmer:null	cov:1.0x}
